// Jest Snapshot v1, https://goo.gl/fbAQLP

exports[`Rendering a course info popup renders correctly 1`] = `
<Bootstrap(Modal)
  aria-labelledby="contained-modal-title-vcenter"
  centered={true}
  code="COMP3121"
  coreqs=""
  equivalents="COMP3821, COMP9801, COMP3120, COMP9101"
  exclusions=""
  index={0}
  name="Algorithms and Programming Techniques"
  onHide={[Function]}
  prereqs="(COMP1927 OR COMP2521)"
  show={true}
  size="lg"
>
  <ModalHeader
    closeButton={true}
    closeLabel="Close"
  >
    <ModalTitle
      id="contained-modal-title-vcenter"
    >
      COMP3121 - 
      Algorithms and Programming Techniques
    </ModalTitle>
  </ModalHeader>
  <ModalBody>
    <div
      id="Prereqs"
    >
      <h5>
        Prereqs:
      </h5>
      <ul>
        <li
          key="(COMP1927 OR COMP2521)"
        >
          <a
            href="https://www.handbook.unsw.edu.au/undergraduate/courses/2020/COMP1927"
            key="COMP1927"
          >
            COMP1927
          </a>
           OR 
          <a
            href="https://www.handbook.unsw.edu.au/undergraduate/courses/2020/COMP2521"
            key="COMP2521"
          >
            COMP2521
          </a>
        </li>
      </ul>
    </div>
    <div
      id="Coreqs"
    >
      <h5>
        Coreqs:
      </h5>
      <ul
        style={
          Object {
            "list-style-type": "none",
          }
        }
      >
        <li>
          None
        </li>
      </ul>
    </div>
    <div
      id="Equivalents"
    >
      <h5>
        Equivalents:
      </h5>
      <ul>
        <li
          key="COMP3821, COMP9801, COMP3120, COMP9101"
        >
          <a
            href="https://www.handbook.unsw.edu.au/undergraduate/courses/2020/COMP3821,"
            key="COMP3821,"
          >
            COMP3821,
          </a>
          <a
            href="https://www.handbook.unsw.edu.au/undergraduate/courses/2020/COMP9801,"
            key="COMP9801,"
          >
            COMP9801,
          </a>
          <a
            href="https://www.handbook.unsw.edu.au/undergraduate/courses/2020/COMP3120,"
            key="COMP3120,"
          >
            COMP3120,
          </a>
          <a
            href="https://www.handbook.unsw.edu.au/undergraduate/courses/2020/COMP9101"
            key="COMP9101"
          >
            COMP9101
          </a>
        </li>
      </ul>
    </div>
    <div
      id="Exclusions"
    >
      <h5>
        Exclusions:
      </h5>
      <ul
        style={
          Object {
            "list-style-type": "none",
          }
        }
      >
        <li>
          None
        </li>
      </ul>
    </div>
    <hr />
    <a
      href="https://www.handbook.unsw.edu.au/undergraduate/courses/2020/COMP3121"
    >
      More Info
    </a>
  </ModalBody>
  <ModalFooter>
    <Button
      active={false}
      disabled={false}
      onClick={[Function]}
      type="button"
      variant="primary"
    >
      Close
    </Button>
    <Button
      active={false}
      disabled={false}
      onClick={[Function]}
      type="button"
      variant="danger"
    >
      Remove
    </Button>
  </ModalFooter>
</Bootstrap(Modal)>
`;
