// Jest Snapshot v1, https://goo.gl/fbAQLP

exports[`Rendering the degree search page renders correctly 1`] = `ShallowWrapper {}`;
